RAM Allocation [bytes]
Variable                                                                          Address   Size
------------------------------------------------------------------------------------------------
array                                                                             0x0160      10

EEPROM Allocation [bytes]
Variable                                                                          Address   Size
------------------------------------------------------------------------------------------------

Register Allocation
Variable                                                                          Register  Size
------------------------------------------------------------------------------------------------

FLASH Allocation [words]
Function                                                                          Address   Size
------------------------------------------------------------------------------------------------
main                                                                              0x00069      8
func1                                                                             0x00071     16
func2                                                                             0x00081     31
func3                                                                             0x000A0      7
func4                                                                             0x000A7     28
func5                                                                             0x000C3     96
func6                                                                             0x00123    176
