RAM Allocation [bytes]
Variable                                                                          Address   Size
------------------------------------------------------------------------------------------------
array2                                                                            0x0160      10
array                                                                             0x016A      10

EEPROM Allocation [bytes]
Variable                                                                          Address   Size
------------------------------------------------------------------------------------------------

Register Allocation
Variable                                                                          Register  Size
------------------------------------------------------------------------------------------------

FLASH Allocation [words]
Function                                                                          Address   Size
------------------------------------------------------------------------------------------------
func1                                                                             0x00068     51
func2                                                                             0x0009B     76
func3                                                                             0x000E7     67
func4                                                                             0x0012A     72
func5                                                                             0x00172    148
func6                                                                             0x00206     28
main                                                                              0x00222      3
