RAM Allocation [bytes]
Variable                                                                          Address   Size
------------------------------------------------------------------------------------------------
data                                                                              0x0189       4
help_data                                                                         0x018D       4
temp2                                                                             0x0191       4
temp1                                                                             0x0195       4
stringdata                                                                        0x0199       8
adc_data                                                                          0x01A1      16
predata                                                                           0x01B1      16
input_index                                                                       0x01C1       1
_base_y                                                                           0x01C2       4
_seed                                                                             0x01C6       4

EEPROM Allocation [bytes]
Variable                                                                          Address   Size
------------------------------------------------------------------------------------------------

Register Allocation
Variable                                                                          Register  Size
------------------------------------------------------------------------------------------------
i                                                                                 R4,R5        2
_lcd_x                                                                            R7           1
_lcd_y                                                                            R6           1
_lcd_maxx                                                                         R9           1

FLASH Allocation [words]
Function                                                                          Address   Size
------------------------------------------------------------------------------------------------
adc_isr                                                                           0x00094    299
question2                                                                         0x001BF      6
main                                                                              0x001C5     48
_lcd_write_nibble_G100                                                            0x001F5     20
_lcd_write_data                                                                   0x00209     12
lcd_gotoxy                                                                        0x00215     13
lcd_clear                                                                         0x00222     12
lcd_putchar                                                                       0x0022E     21
lcd_puts                                                                          0x00243     17
lcd_init                                                                          0x00254     46
ftrunc                                                                            0x00282     49
floor                                                                             0x002B3     23
put_buff_G102                                                                     0x002CA     64
_print_G102                                                                       0x0030A    308
sprintf                                                                           0x0043E     52
strlen                                                                            0x00472     12
strlenf                                                                           0x0047E     13
